// Jest Snapshot v1, https://goo.gl/fbAQLP

exports[`render / 1`] = `
<html
  lang="ja"
>
  <head>
    <meta
      charSet="utf-8"
    />
    <meta
      content="ie=edge"
      httpEquiv="x-ua-compatible"
    />
    <title>
      移植医療のために活動する人たちを応援する会
    </title>
    <meta
      content="グリーンリボンをシンボルに、移植医療のために活動する人たちを応援するためのページです。"
      name="description"
    />
    <meta
      content="width=device-width, initial-scale=1"
      name="viewport"
    />
    <link
      href="apple-touch-icon.png"
      rel="apple-touch-icon"
    />
    <link
      href="/main.css"
      rel="stylesheet"
      type="text/css"
    />
  </head>
  <body>
    <h1
      className="pages-___GreenRibbon__title___SAwxI"
    >
      移植医療のために活動する人たちを応援する会
    </h1>
    <p>
      このページは、移植医療のために活動する人たちを応援するために用意したページです。
    </p>
    <p>
      個人だからこそできるを主眼にさまざまな情報を提供していく予定です。
    </p>
    <h2
      className="pages-___GreenRibbon__h1___lzC8D"
    >
      リンク
    </h2>
    <ul
      className="pages-___GreenRibbon__site___EQa9k"
    >
      <li>
        <a
          href="https://www.jotnw.or.jp/"
        >
          (公社)日本臓器移植ネットワーク
        </a>
        <br />
        <p>
          JOTと略される。臓器提供を希望する人から、移植を受けたい人へ、臓器を提供する橋渡しをしている重要な組織。
        </p>
      </li>
      <li>
        <a
          href="https://www.greenribbonac.com/"
        >
          NPO法人グリーンリボン推進協会
        </a>
        <br />
        <p>
          移植医療が期待したほど普及が進まないのをみて、立ち上がった市民団体。近年広島支部の活動が活発。
        </p>
      </li>
    </ul>
    <a
      href="https://github.com/eiel/eiel.info/blob/master/src/components/pages/GreenRibbon.js"
    >
      編集
    </a>
  </body>
</html>
`;
