// Jest Snapshot v1, https://goo.gl/fbAQLP

exports[`render / 1`] = `
<html
  lang="ja"
>
  <head>
    <meta
      charSet="utf-8"
    />
    <meta
      content="ie=edge"
      httpEquiv="x-ua-compatible"
    />
    <title>
      移植医療への理解を広げる会
    </title>
    <meta
      content="グリーンリボンをシンボルに、移植医療のために活動する人たちを応援するためのページです。"
      name="description"
    />
    <meta
      content="width=device-width, initial-scale=1"
      name="viewport"
    />
    <link
      href="apple-touch-icon.png"
      rel="apple-touch-icon"
    />
    <link
      href="/main.css"
      rel="stylesheet"
      type="text/css"
    />
  </head>
  <body>
    <h1
      className="pages-___GreenRibbon__title___SAwxI"
    >
      移植医療への理解を広げる会
    </h1>
    <p>
      このページは、「移植医療への正しい理解を広げるための活動をする人たち」を応援するために作成しました。 結論を先に述べると、よりたくさんの人が
      <a
        href="http://www.green-ribbon.jp/"
      >
        グリーンリボンキャンペーン
      </a>
      のサイトを見て、
      <a
        href="https://www2.jotnw.or.jp/"
      >
        インターネットでの臓器提供意思表示
      </a>
      をして欲しいと思っています。 その理由は、臓器医療について理解している人の数を見える化できるからです。
    </p>
    <p>
      「臓器を提供したい」「臓器を提供したくない」は人それぞれです。まったく問題ありません。 それよりも沢山の人が移植医療について理解していることが重要だと思います。 それが結果的に移植医療のあるべき姿へと向かっていくことだと私は考えています。
    </p>
    <h1
      className="pages-___GreenRibbon__h1___lzC8D"
    >
      リンク
    </h1>
    <ul
      className="pages-___GreenRibbon__site___EQa9k"
    >
      <li>
        <a
          href="http://www.green-ribbon.jp/"
        >
          グリーンリボンキャンペーン
        </a>
        <br />
        <p>
          わかりやすい表現で、臓器医療への理解を深め、意思表示を促すためのキャンペーンサイトです。かわいい検定があり、検定に合格するとグリーンリボンのピンバッジをもらうことができます。ゆるふわな感じなのでぜひ挑戦してみてください。
        </p>
      </li>
      <li>
        <a
          href="https://www.jotnw.or.jp/"
        >
          (公社)日本臓器移植ネットワーク
        </a>
        <br />
        <p>
          JOTと略される。臓器提供を希望する人から、移植を受けたい人へ、臓器を提供する橋渡しをしている重要な組織。
        </p>
      </li>
      <li>
        <a
          href="https://www.greenribbonac.com/"
        >
          NPO法人グリーンリボン推進協会
        </a>
        <br />
        <p>
          移植医療が期待したほど普及が進まないのをみて、立ち上がった市民団体。近年広島支部の活動が活発。
        </p>
      </li>
    </ul>
    <a
      href="https://github.com/eiel/eiel.info/blob/master/src/components/pages/GreenRibbon.js"
    >
      編集する
    </a>
  </body>
</html>
`;
